{
    "registration - convert - fsants": {
        "content": [
            {
                "0": [
                    [
                        {
                            "id": "test"
                        },
                        "test__out_deform_warp.nii.gz:md5,69052e6226da946bad1f9466285cbb89"
                    ]
                ],
                "1": [
                    [
                        {
                            "id": "test"
                        },
                        "test__out_affine_warp.txt:md5,5f989a979be61faa578ad619377a8a07"
                    ]
                ],
                "2": [
                    "versions.yml:md5,9912ec095965c1ff571f77b447c18f92"
                ],
                "affine_transform": [
                    [
                        {
                            "id": "test"
                        },
                        "test__out_affine_warp.txt:md5,5f989a979be61faa578ad619377a8a07"
                    ]
                ],
                "deform_transform": [
                    [
                        {
                            "id": "test"
                        },
                        "test__out_deform_warp.nii.gz:md5,69052e6226da946bad1f9466285cbb89"
                    ]
                ],
                "versions": [
                    "versions.yml:md5,9912ec095965c1ff571f77b447c18f92"
                ]
            }
        ],
        "meta": {
            "nf-test": "0.9.0",
            "nextflow": "24.04.4"
        },
        "timestamp": "2024-10-29T14:22:02.235387011"
    },
    "registration - convert - default": {
        "content": [
            {
                "0": [
                    [
                        {
                            "id": "test"
                        },
                        "test__out_deform_warp.nii.gz:md5,69052e6226da946bad1f9466285cbb89"
                    ]
                ],
                "1": [
                    
                ],
                "2": [
                    "versions.yml:md5,9912ec095965c1ff571f77b447c18f92"
                ],
                "affine_transform": [
                    
                ],
                "deform_transform": [
                    [
                        {
                            "id": "test"
                        },
                        "test__out_deform_warp.nii.gz:md5,69052e6226da946bad1f9466285cbb89"
                    ]
                ],
                "versions": [
                    "versions.yml:md5,9912ec095965c1ff571f77b447c18f92"
                ]
            }
        ],
        "meta": {
            "nf-test": "0.9.0",
            "nextflow": "24.04.4"
        },
        "timestamp": "2024-10-29T14:21:53.170226694"
    },
    "registration - convert - antsfs": {
        "content": [
            "test__out_affine_warp.lta",
            [
                [
                    {
                        "id": "test"
                    },
                    "test__out_deform_warp.nii.gz:md5,599fbe3a6b85d61c0c67cea8be4972b7"
                ]
            ],
            [
                "versions.yml:md5,9912ec095965c1ff571f77b447c18f92"
            ]
        ],
        "meta": {
            "nf-test": "0.9.0",
            "nextflow": "24.04.4"
        },
        "timestamp": "2024-10-29T14:22:34.546835256"
    },
    "registration - convert - fslants": {
        "content": [
            {
                "0": [
                    [
                        {
                            "id": "test"
                        },
                        "test__out_deform_warp.nii.gz:md5,94feb8f0e648256eaa5ae0a47e5702c6"
                    ]
                ],
                "1": [
                    [
                        {
                            "id": "test"
                        },
                        "test__out_affine_warp.txt:md5,074e8ac5777a91ba0808cd58c5a0cc44"
                    ]
                ],
                "2": [
                    "versions.yml:md5,9912ec095965c1ff571f77b447c18f92"
                ],
                "affine_transform": [
                    [
                        {
                            "id": "test"
                        },
                        "test__out_affine_warp.txt:md5,074e8ac5777a91ba0808cd58c5a0cc44"
                    ]
                ],
                "deform_transform": [
                    [
                        {
                            "id": "test"
                        },
                        "test__out_deform_warp.nii.gz:md5,94feb8f0e648256eaa5ae0a47e5702c6"
                    ]
                ],
                "versions": [
                    "versions.yml:md5,9912ec095965c1ff571f77b447c18f92"
                ]
            }
        ],
        "meta": {
            "nf-test": "0.9.0",
            "nextflow": "24.04.4"
        },
        "timestamp": "2024-10-29T14:22:29.816461809"
    },
    "registration - convert - affine": {
        "content": [
            {
                "0": [
                    [
                        {
                            "id": "test"
                        },
                        "test__out_deform_warp.nii.gz:md5,69052e6226da946bad1f9466285cbb89"
                    ]
                ],
                "1": [
                    [
                        {
                            "id": "test"
                        },
                        "test__out_affine_warp.txt:md5,5f989a979be61faa578ad619377a8a07"
                    ]
                ],
                "2": [
                    "versions.yml:md5,9912ec095965c1ff571f77b447c18f92"
                ],
                "affine_transform": [
                    [
                        {
                            "id": "test"
                        },
                        "test__out_affine_warp.txt:md5,5f989a979be61faa578ad619377a8a07"
                    ]
                ],
                "deform_transform": [
                    [
                        {
                            "id": "test"
                        },
                        "test__out_deform_warp.nii.gz:md5,69052e6226da946bad1f9466285cbb89"
                    ]
                ],
                "versions": [
                    "versions.yml:md5,9912ec095965c1ff571f77b447c18f92"
                ]
            }
        ],
        "meta": {
            "nf-test": "0.9.0",
            "nextflow": "24.04.4"
        },
        "timestamp": "2024-10-29T14:21:57.659285869"
    },
    "registration - convert - fslfs": {
        "content": [
            "test__out_affine_warp.lta",
            [
                [
                    {
                        "id": "test"
                    },
                    "test__out_deform_warp.nii.gz:md5,df432a27c586e57cad93af7509941cd4"
                ]
            ],
            [
                "versions.yml:md5,9912ec095965c1ff571f77b447c18f92"
            ]
        ],
        "meta": {
            "nf-test": "0.9.0",
            "nextflow": "24.04.4"
        },
        "timestamp": "2024-10-29T14:22:16.112616307"
    }
}